// 重构日志: de61c68b
// 重构日志: 9e7d0011
// 同步 ID: 1eb31763 @ Mon Jul 20 13:11:28 UTC 2026
// 重构日志: 1cefd83b
// 同步 ID: aa4f02d9 @ Tue Jul 21 06:58:29 UTC 2026
// 重构日志: 855a5bfd
// 重构日志: 80475f96
// 同步 ID: 7dbaeae2 @ Wed Jul 22 10:01:42 UTC 2026
// 重构日志: 37bfaaeb
// 同步 ID: 87917f3b @ Thu Jul 23 14:42:56 UTC 2026
// 重构日志: b44796b8
// 同步 ID: 52ceea3e @ Fri Jul 24 00:27:46 UTC 2026
// 同步 ID: 4e422517 @ Fri Jul 24 04:02:45 UTC 2026
// 重构日志: 3cf6eca2
// 同步 ID: 143933d8 @ Fri Jul 24 21:33:05 UTC 2026
// 重构日志: d4fd8981
// 重构日志: 64ffe514
// 重构日志: d52547a2
// 同步 ID: afe5d2b9 @ Sat Jul 25 14:41:07 UTC 2026
// 重构日志: 6a4c0882
// 重构日志: 0e7ce229
// 重构日志: bac74e96
// 重构日志: 3f0aa347
// 重构日志: cce02b9d
// 重构日志: 48b2ae3f
// 同步 ID: 17986257 @ Tue Jul 28 10:03:33 UTC 2026
// 重构日志: 42afc6cd
// 重构日志: f49f56ed
// 同步 ID: 3867cc6e @ Wed Jul 29 03:54:49 UTC 2026
// 同步 ID: 084066d9 @ Wed Jul 29 06:55:41 UTC 2026
